// Jest Snapshot v1, https://goo.gl/fbAQLP

exports[`should render correctly CowCat component 1`] = `
ShallowWrapper {
  "length": 1,
  Symbol(enzyme.__root__): [Circular],
  Symbol(enzyme.__unrendered__): <Unknown />,
  Symbol(enzyme.__renderer__): Object {
    "batchedUpdates": [Function],
    "getNode": [Function],
    "render": [Function],
    "simulateEvent": [Function],
    "unmount": [Function],
  },
  Symbol(enzyme.__node__): Object {
    "instance": null,
    "key": undefined,
    "nodeType": "host",
    "props": Object {
      "children": Array [
        <div
          aria-label="play cow sound button"
          className="cow"
          onClick={undefined}
/>,
        <div
          aria-label="play sheep sound button"
          className="sheep"
          onClick={undefined}
/>,
        <div
          aria-label="play cat sound button"
          className="cat"
          onClick={undefined}
/>,
      ],
      "className": "cow-sheep-cat",
    },
    "ref": null,
    "rendered": Array [
      Object {
        "instance": null,
        "key": undefined,
        "nodeType": "host",
        "props": Object {
          "aria-label": "play cow sound button",
          "className": "cow",
          "onClick": undefined,
        },
        "ref": null,
        "rendered": null,
        "type": "div",
      },
      Object {
        "instance": null,
        "key": undefined,
        "nodeType": "host",
        "props": Object {
          "aria-label": "play sheep sound button",
          "className": "sheep",
          "onClick": undefined,
        },
        "ref": null,
        "rendered": null,
        "type": "div",
      },
      Object {
        "instance": null,
        "key": undefined,
        "nodeType": "host",
        "props": Object {
          "aria-label": "play cat sound button",
          "className": "cat",
          "onClick": undefined,
        },
        "ref": null,
        "rendered": null,
        "type": "div",
      },
    ],
    "type": "div",
  },
  Symbol(enzyme.__nodes__): Array [
    Object {
      "instance": null,
      "key": undefined,
      "nodeType": "host",
      "props": Object {
        "children": Array [
          <div
            aria-label="play cow sound button"
            className="cow"
            onClick={undefined}
/>,
          <div
            aria-label="play sheep sound button"
            className="sheep"
            onClick={undefined}
/>,
          <div
            aria-label="play cat sound button"
            className="cat"
            onClick={undefined}
/>,
        ],
        "className": "cow-sheep-cat",
      },
      "ref": null,
      "rendered": Array [
        Object {
          "instance": null,
          "key": undefined,
          "nodeType": "host",
          "props": Object {
            "aria-label": "play cow sound button",
            "className": "cow",
            "onClick": undefined,
          },
          "ref": null,
          "rendered": null,
          "type": "div",
        },
        Object {
          "instance": null,
          "key": undefined,
          "nodeType": "host",
          "props": Object {
            "aria-label": "play sheep sound button",
            "className": "sheep",
            "onClick": undefined,
          },
          "ref": null,
          "rendered": null,
          "type": "div",
        },
        Object {
          "instance": null,
          "key": undefined,
          "nodeType": "host",
          "props": Object {
            "aria-label": "play cat sound button",
            "className": "cat",
            "onClick": undefined,
          },
          "ref": null,
          "rendered": null,
          "type": "div",
        },
      ],
      "type": "div",
    },
  ],
  Symbol(enzyme.__options__): Object {
    "adapter": ReactSixteenAdapter {
      "options": Object {
        "enableComponentDidUpdateOnSetState": true,
      },
    },
  },
}
`;
