// Jest Snapshot v1, https://goo.gl/fbAQLP

exports[`should render DuckSheepChicken component correctly 1`] = `
ShallowWrapper {
  "length": 1,
  Symbol(enzyme.__root__): [Circular],
  Symbol(enzyme.__unrendered__): <Unknown
    playChickenSound={[Function]}
    playDogSound={[Function]}
    playDuckSound={[Function]}
/>,
  Symbol(enzyme.__renderer__): Object {
    "batchedUpdates": [Function],
    "getNode": [Function],
    "render": [Function],
    "simulateEvent": [Function],
    "unmount": [Function],
  },
  Symbol(enzyme.__node__): Object {
    "instance": null,
    "key": undefined,
    "nodeType": "host",
    "props": Object {
      "children": Array [
        <div
          aria-label="play duck sound button"
          className="duck"
          onClick={[Function]}
/>,
        <div
          aria-label="play dog sound button"
          className="dog"
          onClick={[Function]}
/>,
        <div
          aria-label="play rooster sound button"
          className="chicken"
          onClick={[Function]}
/>,
      ],
      "className": "duck-dog-chicken",
    },
    "ref": null,
    "rendered": Array [
      Object {
        "instance": null,
        "key": undefined,
        "nodeType": "host",
        "props": Object {
          "aria-label": "play duck sound button",
          "className": "duck",
          "onClick": [Function],
        },
        "ref": null,
        "rendered": null,
        "type": "div",
      },
      Object {
        "instance": null,
        "key": undefined,
        "nodeType": "host",
        "props": Object {
          "aria-label": "play dog sound button",
          "className": "dog",
          "onClick": [Function],
        },
        "ref": null,
        "rendered": null,
        "type": "div",
      },
      Object {
        "instance": null,
        "key": undefined,
        "nodeType": "host",
        "props": Object {
          "aria-label": "play rooster sound button",
          "className": "chicken",
          "onClick": [Function],
        },
        "ref": null,
        "rendered": null,
        "type": "div",
      },
    ],
    "type": "div",
  },
  Symbol(enzyme.__nodes__): Array [
    Object {
      "instance": null,
      "key": undefined,
      "nodeType": "host",
      "props": Object {
        "children": Array [
          <div
            aria-label="play duck sound button"
            className="duck"
            onClick={[Function]}
/>,
          <div
            aria-label="play dog sound button"
            className="dog"
            onClick={[Function]}
/>,
          <div
            aria-label="play rooster sound button"
            className="chicken"
            onClick={[Function]}
/>,
        ],
        "className": "duck-dog-chicken",
      },
      "ref": null,
      "rendered": Array [
        Object {
          "instance": null,
          "key": undefined,
          "nodeType": "host",
          "props": Object {
            "aria-label": "play duck sound button",
            "className": "duck",
            "onClick": [Function],
          },
          "ref": null,
          "rendered": null,
          "type": "div",
        },
        Object {
          "instance": null,
          "key": undefined,
          "nodeType": "host",
          "props": Object {
            "aria-label": "play dog sound button",
            "className": "dog",
            "onClick": [Function],
          },
          "ref": null,
          "rendered": null,
          "type": "div",
        },
        Object {
          "instance": null,
          "key": undefined,
          "nodeType": "host",
          "props": Object {
            "aria-label": "play rooster sound button",
            "className": "chicken",
            "onClick": [Function],
          },
          "ref": null,
          "rendered": null,
          "type": "div",
        },
      ],
      "type": "div",
    },
  ],
  Symbol(enzyme.__options__): Object {
    "adapter": ReactSixteenAdapter {
      "options": Object {
        "enableComponentDidUpdateOnSetState": true,
      },
    },
  },
}
`;
